  8
 Etot=         -14.4445690041
 C         -1.3855377193       -0.5231417202       -0.0030759784
 C         -0.0096645036        0.0512834883        0.0128052503
 O          0.1512390534        1.3006779000       -0.0030894553
 O          1.0953810462       -0.7936821951       -0.0022498833
 H         -1.3707324032       -1.5548061785        0.4067193395
 H         -1.7627978378       -0.5508829522       -1.0463866141
 H         -2.0654137329        0.0989406058        0.6165466136
 H          2.0362835423       -0.4182600566       -0.0080612065
  8
 Etot=         -14.4578070102
 C         -1.3571630551       -0.5350642306        0.0029952577
 C          0.0006312625        0.0791033614        0.0009827131
 O          0.1892160384        1.2791037187        0.0014878526
 O          1.0342527741       -0.7973487226        0.0008525902
 H         -1.3489822178       -1.5552880033        0.3957424489
 H         -1.7364531591       -0.5561752994       -1.0216539338
 H         -2.0242584776        0.0907941290        0.5989295331
 H          1.9315142798       -0.3949960618       -0.0061283961
  8
 Etot=         -14.4596656865
 C         -1.3460236878       -0.5356951325        0.0081529397
 C          0.0088360461        0.1002430306        0.0255361515
 O          0.2199560786        1.2773517073       -0.0051597717
 O          0.9903772220       -0.8097936063        0.0096708648
 H         -1.3113858531       -1.5493778583        0.3906980559
 H         -1.7054883650       -0.5588606534       -1.0185216476
 H         -2.0288087776        0.0764537066        0.5893997156
 H          1.8612947819       -0.3901923025       -0.0265682425
  8
 Etot=         -14.4597488518
 C         -1.3490190760       -0.5330276408        0.0054296134
 C          0.0100480514        0.1037357872       -0.0129050879
 O          0.2329562288        1.2822961958        0.0003769186
 O          0.9835604349       -0.8155926630       -0.0011083595
 H         -1.2888675181       -1.5453449216        0.3904931888
 H         -1.7247514252       -0.5621484944       -1.0152789482
 H         -2.0276248525        0.0704195668        0.6005987760
 H          1.8524556019       -0.3902089386        0.0056019647
  8
 Etot=         -14.4598760718
 C         -1.3511114860       -0.5320554138        0.0066213684
 C          0.0095948239        0.1022210183        0.0081877472
 O          0.2343455173        1.2822231959       -0.0004288226
 O          0.9860216147       -0.8158948431        0.0056916369
 H         -1.2937756408       -1.5449028380        0.3921748858
 H         -1.7153117708       -0.5629413643       -1.0189167807
 H         -2.0378300131        0.0707075526        0.5943059880
 H          1.8568243998       -0.3892284161       -0.0144279572
  8
 Etot=         -14.4598783352
 C         -1.3516692921       -0.5319542773        0.0064016552
 C          0.0097227350        0.1019147481        0.0081421225
 O          0.2354791159        1.2805054243        0.0015601237
 O          0.9857432234       -0.8161249846        0.0027183678
 H         -1.2934643312       -1.5438015608        0.3940429741
 H         -1.7150503745       -0.5639770815       -1.0192870342
 H         -2.0380267383        0.0712527979        0.5931349471
 H          1.8560231068       -0.3876861747       -0.0135050903
